Microchip MPLAB XC8 Compiler V1.34 ()

Linker command line:

-W-3 --edf=C:\Program Files (x86)\Microchip\xc8\v1.34\dat\en_msgs.txt -cs \
  -h+dist/default/production\FinalProject.X.production.sym \
  --cmf=dist/default/production\FinalProject.X.production.cmf -z -Q18F4620 \
  -oC:\Users\Martin\AppData\Local\Temp\s35s.6 \
  -Mdist/default/production/FinalProject.X.production.map -E1 -ver=XC8 \
  -ASTACK=014Bh-0f7fh -pstack=STACK -ACODE=00h-0FFFFh -ACONST=00h-0FFFFh \
  -ASMALLCONST=01000h-010FFhx240 -AMEDIUMCONST=01000h-0FFFFh \
  -ACOMRAM=01h-07Fh -AABS1=00h-0F7Fh -ABIGRAM=01h-0F7Fh \
  -ARAM=080h-0FFh,0100h-01FFhx14,0F00h-0F7Fh -ABANK0=080h-0FFh \
  -ABANK1=0100h-01FFh -ABANK2=0200h-02FFh -ABANK3=0300h-03FFh \
  -ABANK4=0400h-04FFh -ABANK5=0500h-05FFh -ABANK6=0600h-06FFh \
  -ABANK7=0700h-07FFh -ABANK8=0800h-08FFh -ABANK9=0900h-09FFh \
  -ABANK10=0A00h-0AFFh -ABANK11=0B00h-0BFFh -ABANK12=0C00h-0CFFh \
  -ABANK13=0D00h-0DFFh -ABANK14=0E00h-0EFFh -ABANK15=0F00h-0F7Fh \
  -ASFR=0F80h-0FFFh \
  -preset_vec=00h,intcode=08h,intcodelo,powerup,init,end_init \
  -pramtop=01000h -psmallconst=SMALLCONST -pmediumconst=MEDIUMCONST \
  -pconst=CONST -AFARRAM=00h-00h -ACONFIG=0300000h-030000Dh -pconfig=CONFIG \
  -AIDLOC=0200000h-0200007h -pidloc=IDLOC -AEEDATA=0F00000h-0F003FFh \
  -peeprom_data=EEDATA \
  -prdata=COMRAM,nvrram=COMRAM,nvbit=COMRAM,rbss=COMRAM,rbit=COMRAM \
  -pfarbss=FARRAM,fardata=FARRAM,nvFARRAM=FARRAM \
  -pintsave_regs=BIGRAM,bigbss=BIGRAM,bigdata=BIGRAM -pbss=RAM \
  -pidata=CODE,irdata=CODE,ibigdata=CODE,ifardata=CODE -prparam=COMRAM \
  C:\Users\Martin\AppData\Local\Temp\s35s.obj \
  dist/default/production\FinalProject.X.production.obj 

Object code version is 3.11

Machine type is 18F4620

Call graph: (short form)




                Name                               Link     Load   Length Selector   Space Scale
C:\Users\Martin\AppData\Local\Temp\s35s.obj
                end_init                             18       18        4        4       0
                reset_vec                             0        0        4        0       0
                idloc                            200000   200000        8   200000       0
                config                           300000   300000        E   300000       0
dist/default/production\FinalProject.X.production.obj
                intcode                               8        8       10        4       0
                mediumconst                        FCB8     FCB8      348     7E5C       0
                text106                            4CA8     4CA8        8     247E       0
                text105                            4C54     4C54        C     247E       0
                text104                            4CA0     4CA0        8     247E       0
                text103                            4C98     4C98        8     247E       0
                text102                            4C7E     4C7E        A     247E       0
                text101                            4BF0     4BF0       12     247E       0
                text100                            4BDE     4BDE       12     247E       0
                text99                             46E2     46E2       3E        4       0
                text98                             49AE     49AE       28     247E       0
                text97                             4410     4410       52        4       0
                text96                             47CA     47CA       36        4       0
                text95                             4B14     4B14       1A     247E       0
                text94                             4B2E     4B2E       18     247E       0
                text93                             2A6E     2A6E      16E        4       0
                text92                             4C48     4C48        C     247E       0
                intcode_body                       3C50     3C50       90        4       0
                text90                             4C3C     4C3C        C     247E       0
                text89                             4C90     4C90        8     247E       0
                text88                             4C88     4C88        8     247E       0
                text87                             4C74     4C74        A     247E       0
                text86                             4B46     4B46       16     247E       0
                text85                             4BCC     4BCC       12     247E       0
                text84                             4C6A     4C6A        A     247E       0
                text83                             45E0     45E0       48        4       0
                text82                             4BBA     4BBA       12     247E       0
                text81                             4BA8     4BA8       12     247E       0
                text80                             46A4     46A4       3E        4       0
                text79                             4986     4986       28     247E       0
                text78                             43BE     43BE       52        4       0
                text77                             4596     4596       4A        4       0
                text76                             475A     475A       3A        4       0
                text75                             4898     4898       32        4       0
                text74                             4AD8     4AD8       20     247E       0
                text73                             4500     4500       4C        4       0
                text72                             4794     4794       36        4       0
                text71                             4800     4800       34        4       0
                text70                             3F08     3F08       88        4       0
                text69                             4A92     4A92       24     247E       0
                text68                             3BBA     3BBA       96        4       0
                text67                             3A5E     3A5E       C6        4       0
                text66                             4A48     4A48       26     247E       0
                text65                             4720     4720       3A        4       0
                text64                             4A22     4A22       26     247E       0
                text63                             4012     4012       76        4       0
                text62                             4B70     4B70       14     247E       0
                text61                             4C12     4C12       10     247E       0
                text60                             4C02     4C02       10     247E       0
                text59                             44B2     44B2       4E        4       0
                text58                             492C     492C       30     247E       0
                text57                             25AA     25AA      1AE        4       0
                text56                             3E80     3E80       88        4       0
                text55                             454C     454C       4A        4       0
                text54                             2BDC     2BDC      156        4       0
                text53                             4666     4666       3E        4       0
                text52                             2F90     2F90      118        4       0
                text51                             38B4     38B4       DC        4       0
                text50                             4AF8     4AF8       1C     247E       0
                text49                             4866     4866       32        4       0
                text48                             13F6     13F6      348        4       0
                text47                             37CA     37CA       EA        4       0
                text46                             3B24     3B24       96        4       0
                text45                             3F90     3F90       82        4       0
                text44                             3990     3990       CE        4       0
                text43                             23F0     23F0      1BA        4       0
                text42                             48FC     48FC       30     247E       0
                text41                             4366     4366       58        4       0
                text40                             21B6     21B6      23A        4       0
                text39                             28F4     28F4      17A        4       0
                text38                             4246     4246       68        4       0
                text37                             32C8     32C8      10E        4       0
                text36                             430E     430E       58        4       0
                text35                             2E64     2E64      12C        4       0
                text34                             2758     2758      19C        4       0
                text33                             173E     173E      316        4       0
                text32                             3DF6     3DF6       8A        4       0
                text31                             1048     1048      3AE        4       0
                text30                             4C60     4C60        A     247E       0
                text29                             4B96     4B96       12     247E       0
                text28                             3D6C     3D6C       8A        4       0
                text27                             49FC     49FC       26     247E       0
                text26                             4C30     4C30        C     247E       0
                text25                             34E0     34E0      100        4       0
                text24                             35E0     35E0       F8        4       0
                text23                             49D6     49D6       26     247E       0
                text22                             41DC     41DC       6A        4       0
                text21                             31B8     31B8      110        4       0
                text20                             4628     4628       3E        4       0
                text19                             36D8     36D8       F2        4       0
                text18                             495C     495C       2A     247E       0
                text17                             4B84     4B84       12     247E       0
                text16                             416C     416C       70        4       0
                text15                             4B5C     4B5C       14     247E       0
                text14                             4A6E     4A6E       24     247E       0
                text13                             1CF4     1CF4      27E        4       0
                text12                             4462     4462       50        4       0
                text11                             2D32     2D32      132        4       0
                text10                             3CE0     3CE0       8C        4       0
                text9                              40FC     40FC       70        4       0
                text8                              42AE     42AE       60        4       0
                text7                              33D6     33D6      10A        4       0
                text6                              30A8     30A8      110        4       0
                text5                              1F72     1F72      244        4       0
                text4                              4AB6     4AB6       22     247E       0
                text3                              4C22     4C22        E     247E       0
                text2                               C68      C68      3E0        4       0
                text1                                1C       1C      C4C        4       0
                text0                              1A54     1A54      2A0        4       0
                cstackCOMRAM                          1        1       48        1       1
                cstackBANK0                          B2       B2       29       80       1
                cstackBANK1                         131      131       1A      100       1
                dataBANK1                           100      100       31      100       1
                dataBANK0                            80       80       32       80       1
                bssBANK0                             DB       DB       1E       80       1
                dataCOMRAM                           64       64        1        1       1
                bssCOMRAM                            49       49       1B        1       1
                cinit                              4088     4088       74        4       0
                idataBANK1                         48CA     48CA       31        4       0
                idataBANK0                         4834     4834       32        4       0
                idataCOMRAM                        4CB0     4CB0        1     247E       0

TOTAL           Name                               Link     Load   Length     Space
        CLASS   STACK          

        CLASS   CODE           
                end_init                             18       18        4         0
                intcode                               8        8       10         0
                reset_vec                             0        0        4         0
                text106                            4CA8     4CA8        8         0
                text105                            4C54     4C54        C         0
                text104                            4CA0     4CA0        8         0
                text103                            4C98     4C98        8         0
                text102                            4C7E     4C7E        A         0
                text101                            4BF0     4BF0       12         0
                text100                            4BDE     4BDE       12         0
                text99                             46E2     46E2       3E         0
                text98                             49AE     49AE       28         0
                text97                             4410     4410       52         0
                text96                             47CA     47CA       36         0
                text95                             4B14     4B14       1A         0
                text94                             4B2E     4B2E       18         0
                text93                             2A6E     2A6E      16E         0
                text92                             4C48     4C48        C         0
                intcode_body                       3C50     3C50       90         0
                text90                             4C3C     4C3C        C         0
                text89                             4C90     4C90        8         0
                text88                             4C88     4C88        8         0
                text87                             4C74     4C74        A         0
                text86                             4B46     4B46       16         0
                text85                             4BCC     4BCC       12         0
                text84                             4C6A     4C6A        A         0
                text83                             45E0     45E0       48         0
                text82                             4BBA     4BBA       12         0
                text81                             4BA8     4BA8       12         0
                text80                             46A4     46A4       3E         0
                text79                             4986     4986       28         0
                text78                             43BE     43BE       52         0
                text77                             4596     4596       4A         0
                text76                             475A     475A       3A         0
                text75                             4898     4898       32         0
                text74                             4AD8     4AD8       20         0
                text73                             4500     4500       4C         0
                text72                             4794     4794       36         0
                text71                             4800     4800       34         0
                text70                             3F08     3F08       88         0
                text69                             4A92     4A92       24         0
                text68                             3BBA     3BBA       96         0
                text67                             3A5E     3A5E       C6         0
                text66                             4A48     4A48       26         0
                text65                             4720     4720       3A         0
                text64                             4A22     4A22       26         0
                text63                             4012     4012       76         0
                text62                             4B70     4B70       14         0
                text61                             4C12     4C12       10         0
                text60                             4C02     4C02       10         0
                text59                             44B2     44B2       4E         0
                text58                             492C     492C       30         0
                text57                             25AA     25AA      1AE         0
                text56                             3E80     3E80       88         0
                text55                             454C     454C       4A         0
                text54                             2BDC     2BDC      156         0
                text53                             4666     4666       3E         0
                text52                             2F90     2F90      118         0
                text51                             38B4     38B4       DC         0
                text50                             4AF8     4AF8       1C         0
                text49                             4866     4866       32         0
                text48                             13F6     13F6      348         0
                text47                             37CA     37CA       EA         0
                text46                             3B24     3B24       96         0
                text45                             3F90     3F90       82         0
                text44                             3990     3990       CE         0
                text43                             23F0     23F0      1BA         0
                text42                             48FC     48FC       30         0
                text41                             4366     4366       58         0
                text40                             21B6     21B6      23A         0
                text39                             28F4     28F4      17A         0
                text38                             4246     4246       68         0
                text37                             32C8     32C8      10E         0
                text36                             430E     430E       58         0
                text35                             2E64     2E64      12C         0
                text34                             2758     2758      19C         0
                text33                             173E     173E      316         0
                text32                             3DF6     3DF6       8A         0
                text31                             1048     1048      3AE         0
                text30                             4C60     4C60        A         0
                text29                             4B96     4B96       12         0
                text28                             3D6C     3D6C       8A         0
                text27                             49FC     49FC       26         0
                text26                             4C30     4C30        C         0
                text25                             34E0     34E0      100         0
                text24                             35E0     35E0       F8         0
                text23                             49D6     49D6       26         0
                text22                             41DC     41DC       6A         0
                text21                             31B8     31B8      110         0
                text20                             4628     4628       3E         0
                text19                             36D8     36D8       F2         0
                text18                             495C     495C       2A         0
                text17                             4B84     4B84       12         0
                text16                             416C     416C       70         0
                text15                             4B5C     4B5C       14         0
                text14                             4A6E     4A6E       24         0
                text13                             1CF4     1CF4      27E         0
                text12                             4462     4462       50         0
                text11                             2D32     2D32      132         0
                text10                             3CE0     3CE0       8C         0
                text9                              40FC     40FC       70         0
                text8                              42AE     42AE       60         0
                text7                              33D6     33D6      10A         0
                text6                              30A8     30A8      110         0
                text5                              1F72     1F72      244         0
                text4                              4AB6     4AB6       22         0
                text3                              4C22     4C22        E         0
                text2                               C68      C68      3E0         0
                text1                                1C       1C      C4C         0
                text0                              1A54     1A54      2A0         0
                cinit                              4088     4088       74         0
                idataBANK1                         48CA     48CA       31         0
                idataBANK0                         4834     4834       32         0
                idataCOMRAM                        4CB0     4CB0        1         0

        CLASS   CONST          

        CLASS   SMALLCONST     

        CLASS   MEDIUMCONST    
                mediumconst                        FCB8     FCB8      348         0

        CLASS   COMRAM         
                cstackCOMRAM                          1        1       48         1
                dataCOMRAM                           64       64        1         1
                bssCOMRAM                            49       49       1B         1

        CLASS   ABS1           

        CLASS   BIGRAM         

        CLASS   RAM            

        CLASS   BANK0          
                cstackBANK0                          B2       B2       29         1
                dataBANK0                            80       80       32         1
                bssBANK0                             DB       DB       1E         1

        CLASS   BANK1          
                cstackBANK1                         131      131       1A         1
                dataBANK1                           100      100       31         1

        CLASS   BANK2          

        CLASS   BANK3          

        CLASS   BANK4          

        CLASS   BANK5          

        CLASS   BANK6          

        CLASS   BANK7          

        CLASS   BANK8          

        CLASS   BANK9          

        CLASS   BANK10         

        CLASS   BANK11         

        CLASS   BANK12         

        CLASS   BANK13         

        CLASS   BANK14         

        CLASS   BANK15         

        CLASS   SFR            

        CLASS   FARRAM         

        CLASS   CONFIG         
                config                           300000   300000        E         0

        CLASS   IDLOC          
                idloc                            200000   200000        8         0

        CLASS   EEDATA         



SEGMENTS        Name                           Load    Length   Top    Selector   Space  Class

                reset_vec                      000000  000004  000004         0       0  CODE    
                cstackCOMRAM                   000001  000064  000065         1       1  COMRAM  
                intcode                        000008  0048F3  0048FB         4       0  CODE    
                dataBANK0                      000080  000079  0000F9        80       1  BANK0   
                dataBANK1                      000100  00004B  00014B       100       1  BANK1   
                text42                         0048FC  0003B5  004CB1      247E       0  CODE    
                mediumconst                    00FCB8  000348  010000      7E5C       0  MEDIUMCO
                idloc                          200000  000008  200008    200000       0  IDLOC   
                config                         300000  00000E  30000E    300000       0  CONFIG  


UNUSED ADDRESS RANGES

        Name                Unused          Largest block    Delta
        BANK0            0000F9-0000FF                7
        BANK1            00014B-0001FF               B5
        BANK10           000A00-000AFF              100
        BANK11           000B00-000BFF              100
        BANK12           000C00-000CFF              100
        BANK13           000D00-000DFF              100
        BANK14           000E00-000EFF              100
        BANK15           000F00-000F7F               80
        BANK2            000200-0002FF              100
        BANK3            000300-0003FF              100
        BANK4            000400-0004FF              100
        BANK5            000500-0005FF              100
        BANK6            000600-0006FF              100
        BANK7            000700-0007FF              100
        BANK8            000800-0008FF              100
        BANK9            000900-0009FF              100
        BIGRAM           000065-00007F               1B
                         0000F9-0000FF                7
                         00014B-000F7F              E35
        CODE             000004-000007                4
                         0048FB-0048FB                1
                         004CB1-00FCB7             B007
        COMRAM           000065-00007F               1B
        CONST            000004-000007                4
                         0048FB-0048FB                1
                         004CB1-00FCB7             B007
        EEDATA           F00000-F003FF              400
        MEDIUMCONST      0048FB-0048FB                1
                         004CB1-00FCB7             B007
        RAM              0000F9-0000FF                7
                         00014B-000F7F              100
        SFR              000F80-000FFF               80
        SMALLCONST       0048FB-0048FB                1
                         004CB1-00FCB7              100
        STACK            00014B-000F7F              E35

                                  Symbol Table

?_DS3231_Read_Temp                         cstackCOMRAM 000036
?_Get_Full_ADC                             cstackCOMRAM 00001C
?___awdiv                                  cstackCOMRAM 000022
?___awmod                                  cstackCOMRAM 00001C
?___ftadd                                  cstackBANK0  0000B2
?___ftdiv                                  cstackCOMRAM 00003F
?___ftmul                                  cstackCOMRAM 000030
?___ftneg                                  cstackCOMRAM 00001C
?___ftpack                                 cstackCOMRAM 00001C
?___ftsub                                  cstackBANK0  0000BE
?___fttol                                  cstackBANK0  0000B2
?___lbtoft                                 cstackCOMRAM 000024
?___lldiv                                  cstackCOMRAM 00001C
?___llmod                                  cstackCOMRAM 000029
?___lltoft                                 cstackCOMRAM 000024
?___lwtoft                                 cstackCOMRAM 000024
?___wmul                                   cstackCOMRAM 00002A
?__div_to_l_                               cstackCOMRAM 00001C
?__tdiv_to_l_                              cstackCOMRAM 00001C
?_bcd_2_dec                                cstackCOMRAM 00001C
?_dec_2_bcd                                cstackCOMRAM 00002A
?_fround                                   cstackCOMRAM 00003F
?_printf                                   cstackBANK0  0000C4
?_scale                                    cstackCOMRAM 00003F
?_strlen                                   cstackCOMRAM 00001C
?i2___wmul                                 cstackCOMRAM 000001
DS3231_Init@control                        cstackCOMRAM 000038
DS3231_Init@device                         cstackCOMRAM 000037
DS3231_Read_Alarm_1_Time@Device            cstackCOMRAM 000036
DS3231_Read_Temp@Device                    cstackCOMRAM 00003D
DS3231_Read_Temp@T_hi                      cstackCOMRAM 00003E
DS3231_Read_Temp@T_lo                      cstackCOMRAM 00003A
DS3231_Read_Temp@temp                      cstackCOMRAM 00003B
DS3231_Read_Time@Device                    cstackCOMRAM 000036
DS3231_Turn_Off_Alarm@device               cstackCOMRAM 000036
DS3231_Turn_On_Alarm@device                cstackCOMRAM 000036
DS3231_Write_Alarm_1_Time@Device           cstackCOMRAM 000036
DS3231_Write_Time@Device                   cstackCOMRAM 000036
Do_LED_Out@Volt                            cstackCOMRAM 000031
Do_Setup_Alarm_Time@Key_Abort_Flag         cstackBANK0  0000C3
Do_Setup_Alarm_Time@Key_Dn_Flag            cstackBANK0  0000C2
Do_Setup_Alarm_Time@Key_Done_Flag          cstackBANK0  0000C4
Do_Setup_Alarm_Time@Key_Next_Flag          cstackBANK0  0000C5
Do_Setup_Alarm_Time@Key_Up_Flag            cstackBANK0  0000C1
Do_Setup_Alarm_Time@Select_Field           cstackBANK0  0000C7
Do_Setup_Alarm_Time@Setup_Mode             cstackBANK0  0000C6
Do_Setup_Heater_Temp@Key_Abort_Flag        cstackBANK0  0000C4
Do_Setup_Heater_Temp@Key_Dn_Flag           cstackBANK0  0000C3
Do_Setup_Heater_Temp@Key_Done_Flag         cstackBANK0  0000C5
Do_Setup_Heater_Temp@Key_Up_Flag           cstackBANK0  0000C2
Do_Setup_Heater_Temp@Select_Field          cstackBANK0  0000C1
Do_Setup_Heater_Temp@Setup_Mode            cstackBANK0  0000C6
Do_Setup_Time@Key_Abort_Flag               cstackBANK0  0000C3
Do_Setup_Time@Key_Dn_Flag                  cstackBANK0  0000C2
Do_Setup_Time@Key_Done_Flag                cstackBANK0  0000C4
Do_Setup_Time@Key_Next_Flag                cstackBANK0  0000C5
Do_Setup_Time@Key_Up_Flag                  cstackBANK0  0000C1
Do_Setup_Time@Select_Field                 cstackBANK0  0000C7
Do_Setup_Time@Setup_Mode                   cstackBANK0  0000C6
Get_Full_ADC@result                        cstackCOMRAM 000020
I2C_Init@c                                 cstackCOMRAM 00001C
I2C_Read@ack                               cstackCOMRAM 00001C
I2C_Read@inByte                            cstackCOMRAM 00001E
I2C_Read@n                                 cstackCOMRAM 00001D
I2C_Write@n                                cstackCOMRAM 00001D
I2C_Write@outByte                          cstackCOMRAM 00001C
I2C_Write_Address_Read_One_Byte@Address    cstackCOMRAM 00001F
I2C_Write_Address_Read_One_Byte@Data_Ret   cstackCOMRAM 000020
I2C_Write_Address_Read_One_Byte@Device     cstackCOMRAM 000021
I2C_Write_Address_Write_One_Byte@Address   cstackCOMRAM 00001E
I2C_Write_Address_Write_One_Byte@Data_Out  cstackCOMRAM 00001F
I2C_Write_Address_Write_One_Byte@Device    cstackCOMRAM 000020
INT2_isr@timer                             cstackCOMRAM 000003
OpenUSART@config                           cstackCOMRAM 00001E
OpenUSART@spbrg                            cstackCOMRAM 00001C
Read_Volt_In@STEP                          cstackBANK0  0000B8
SPI_out@First_byte                         cstackCOMRAM 00001F
SPI_out@SPI_data                           cstackCOMRAM 00001E
SPI_out@Second_byte                        cstackCOMRAM 00001D
SPI_out@i                                  cstackCOMRAM 000020
Select_ADC@ADC_Channel                     cstackCOMRAM 00001C
Update_Setup_Screen_Cursor@cursor_position cstackCOMRAM 000039
Update_Setup_Screen_Cursor@xinc            cstackCOMRAM 00003B
Update_Setup_Screen_Cursor@yinc            cstackCOMRAM 00003A
_ADCON0                                    (abs)        000FC2
_ADCON0bits                                (abs)        000FC2
_ADCON1                                    (abs)        000FC1
_ADRESH                                    (abs)        000FC4
_ADRESL                                    (abs)        000FC3
_CCP2CON                                   (abs)        000FBA
_CCPR2L                                    (abs)        000FBB
_DS3231_Init                               text73       004500
_DS3231_Read_Alarm_1_Time                  text77       004596
_DS3231_Read_Temp                          text32       003DF6
_DS3231_Read_Time                          text63       004012
_DS3231_Turn_Off_Alarm                     text72       004794
_DS3231_Turn_On_Alarm                      text71       004800
_DS3231_Write_Alarm_1_Time                 text76       00475A
_DS3231_Write_Time                         text36       00430E
_DS3231_tempC                              bssBANK0     0000DE
_DS3231_tempF                              bssBANK0     0000E0
_Do_LED_Down                               text69       004A92
_Do_LED_Out                                text65       004720
_Do_LED_Up                                 text64       004A22
_Do_Setup_Alarm_Time                       text40       0021B6
_Do_Setup_Heater_Temp                      text37       0032C8
_Do_Setup_Time                             text33       00173E
_Do_Update_Main_Screen                     text31       001048
_Get_Full_ADC                              text27       0049FC
_I2C_Init                                  text30       004C60
_I2C_ReStart                               text86       004B46
_I2C_Read                                  text83       0045E0
_I2C_Start                                 text82       004BBA
_I2C_Stop                                  text81       004BA8
_I2C_Write                                 text80       0046A4
_I2C_Write_Address_Read_One_Byte           text75       004898
_I2C_Write_Address_Write_One_Byte          text74       004AD8
_INT0_isr                                  text95       004B14
_INT1_isr                                  text94       004B2E
_INT2_isr                                  text93       002A6E
_INTCON2bits                               (abs)        000FF1
_INTCON3bits                               (abs)        000FF0
_INTCONbits                                (abs)        000FF2
_Initialize_Main_Screen                    text48       0013F6
_Initialize_Setup_Alarm_Screen             text47       0037CA
_Initialize_Setup_Heater_Screen            text39       0028F4
_Initialize_Setup_Time_Screen              text35       002E64
_LCD_Reset                                 text29       004B96
_LED_Alarm                                 text28       003D6C
_LED_Int_text                              dataBANK0    0000A3
_LED_Intensity                             bssBANK0     0000E8
_OSCCON                                    (abs)        000FD3
_OpenUSART                                 text16       00416C
_PIE1bits                                  (abs)        000F9D
_PIR1bits                                  (abs)        000F9E
_PORTAbits                                 (abs)        000F80
_PORTBbits                                 (abs)        000F81
_PORTCbits                                 (abs)        000F82
_PORTD                                     (abs)        000F83
_PORTDbits                                 (abs)        000F83
_PORTEbits                                 (abs)        000F84
_PR2                                       (abs)        000FCB
_RCSTA                                     (abs)        000FAB
_RCSTAbits                                 (abs)        000FAB
_Rcmd1                                     text21       0031B8
_Rcmd2red                                  text20       004628
_Rcmd3                                     text19       0036D8
_Read_Volt_In                              text22       0041DC
_SPBRG                                     (abs)        000FAF
_SPBRGH                                    (abs)        000FB0
_SPI_out                                   text70       003F08
_SSPBUF                                    (abs)        000FC9
_SSPCON1                                   (abs)        000FC6
_SSPSTAT                                   (abs)        000FC7
_SSPSTATbits                               (abs)        000FC7
_Select_ADC                                text26       004C30
_T0CON                                     (abs)        000FD5
_T0CONbits                                 (abs)        000FD5
_T1CON                                     (abs)        000FCD
_T1CONbits                                 (abs)        000FCD
_T2CON                                     (abs)        000FCA
_TFT_GreenTab_Initialize                   text18       00495C
_TIMER1_isr                                text92       004C48
_TMR0H                                     (abs)        000FD7
_TMR0L                                     (abs)        000FD6
_TMR1H                                     (abs)        000FCF
_TMR1L                                     (abs)        000FCE
_TRISA                                     (abs)        000F92
_TRISB                                     (abs)        000F93
_TRISBbits                                 (abs)        000F93
_TRISC                                     (abs)        000F94
_TRISCbits                                 (abs)        000F94
_TRISD                                     (abs)        000F95
_TRISE                                     (abs)        000F96
_TRMT                                      (abs)        007D61
_TXREG                                     (abs)        000FAD
_TXSTA                                     (abs)        000FAC
_TXSTAbits                                 (abs)        000FAC
_Update_Setup_Alarm_Screen                 text44       003990
_Update_Setup_Heater_Screen                text38       004246
_Update_Setup_Screen_Cursor                text43       0023F0
_Update_Setup_Time_Screen                  text34       002758
_Volt                                      bssBANK0     0000DB
__CFG_BOREN$OFF                            (abs)        000000
__CFG_CCP2MX$PORTBE                        (abs)        000000
__CFG_LVP$OFF                              (abs)        000000
__CFG_OSC$INTIO67                          (abs)        000000
__CFG_WDT$OFF                              (abs)        000000
__HRAM                                     (abs)        000000
__Habs1                                    abs1         000000
__Hbank0                                   bank0        000000
__Hbank1                                   bank1        000000
__Hbank10                                  bank10       000000
__Hbank11                                  bank11       000000
__Hbank12                                  bank12       000000
__Hbank13                                  bank13       000000
__Hbank14                                  bank14       000000
__Hbank15                                  bank15       000000
__Hbank2                                   bank2        000000
__Hbank3                                   bank3        000000
__Hbank4                                   bank4        000000
__Hbank5                                   bank5        000000
__Hbank6                                   bank6        000000
__Hbank7                                   bank7        000000
__Hbank8                                   bank8        000000
__Hbank9                                   bank9        000000
__Hbigbss                                  bigbss       000000
__Hbigdata                                 bigdata      000000
__Hbigram                                  bigram       000000
__Hbss                                     bss          000000
__HbssBANK0                                bssBANK0     000000
__HbssCOMRAM                               bssCOMRAM    000000
__Hcinit                                   cinit        000000
__Hclrtext                                 clrtext      000000
__Hcomram                                  comram       000000
__Hconfig                                  config       30000E
__Hconst                                   const        000000
__HcstackBANK0                             cstackBANK0  000000
__HcstackBANK1                             cstackBANK1  000000
__HcstackCOMRAM                            cstackCOMRAM 000000
__Hdata                                    data         000000
__HdataBANK0                               dataBANK0    000000
__HdataBANK1                               dataBANK1    000000
__HdataCOMRAM                              dataCOMRAM   000000
__Heeprom_data                             eeprom_data  000000
__Hend_init                                end_init     00001C
__Hfarbss                                  farbss       000000
__Hfardata                                 fardata      000000
__Hibigdata                                ibigdata     000000
__Hidata                                   idata        000000
__HidataBANK0                              idataBANK0   000000
__HidataBANK1                              idataBANK1   000000
__HidataCOMRAM                             idataCOMRAM  000000
__Hidloc                                   idloc        200008
__Hifardata                                ifardata     000000
__Hinit                                    init         000018
__Hintcode                                 intcode      000018
__Hintcode_body                            intcode_body 000000
__Hintcodelo                               intcodelo    000018
__Hintentry                                intentry     000000
__Hintret                                  intret       000000
__Hintsave_regs                            intsave_regs 000000
__Hirdata                                  irdata       000000
__Hmediumconst                             mediumconst  010000
__HnvFARRAM                                nvFARRAM     000000
__Hnvbit                                   nvbit        000000
__Hnvrram                                  nvrram       000000
__Hparam                                   rparam       000000
__Hpowerup                                 powerup      000018
__Hram                                     ram          000000
__Hramtop                                  ramtop       001000
__Hrbit                                    rbit         000000
__Hrbss                                    rbss         000000
__Hrdata                                   rdata        000000
__Hreset_vec                               reset_vec    000004
__Hrparam                                  rparam       000000
__Hsfr                                     sfr          000000
__Hsmallconst                              smallconst   000000
__Hspace_0                                 (abs)        30000E
__Hspace_1                                 (abs)        00014B
__Hspace_2                                 (abs)        000000
__Hstack                                   stack        000000
__Hstruct                                  struct       000000
__Htemp                                    temp         000000
__Htext                                    text         000000
__Htext0                                   text0        000000
__Htext1                                   text1        000000
__Htext10                                  text10       000000
__Htext100                                 text100      000000
__Htext101                                 text101      000000
__Htext102                                 text102      000000
__Htext103                                 text103      000000
__Htext104                                 text104      000000
__Htext105                                 text105      000000
__Htext106                                 text106      000000
__Htext11                                  text11       000000
__Htext12                                  text12       000000
__Htext13                                  text13       000000
__Htext14                                  text14       000000
__Htext15                                  text15       000000
__Htext16                                  text16       000000
__Htext17                                  text17       000000
__Htext18                                  text18       000000
__Htext19                                  text19       000000
__Htext2                                   text2        000000
__Htext20                                  text20       000000
__Htext21                                  text21       000000
__Htext22                                  text22       000000
__Htext23                                  text23       000000
__Htext24                                  text24       000000
__Htext25                                  text25       000000
__Htext26                                  text26       000000
__Htext27                                  text27       000000
__Htext28                                  text28       000000
__Htext29                                  text29       000000
__Htext3                                   text3        000000
__Htext30                                  text30       000000
__Htext31                                  text31       000000
__Htext32                                  text32       000000
__Htext33                                  text33       000000
__Htext34                                  text34       000000
__Htext35                                  text35       000000
__Htext36                                  text36       000000
__Htext37                                  text37       000000
__Htext38                                  text38       000000
__Htext39                                  text39       000000
__Htext4                                   text4        000000
__Htext40                                  text40       000000
__Htext41                                  text41       000000
__Htext42                                  text42       000000
__Htext43                                  text43       000000
__Htext44                                  text44       000000
__Htext45                                  text45       000000
__Htext46                                  text46       000000
__Htext47                                  text47       000000
__Htext48                                  text48       000000
__Htext49                                  text49       000000
__Htext5                                   text5        000000
__Htext50                                  text50       000000
__Htext51                                  text51       000000
__Htext52                                  text52       000000
__Htext53                                  text53       000000
__Htext54                                  text54       000000
__Htext55                                  text55       000000
__Htext56                                  text56       000000
__Htext57                                  text57       000000
__Htext58                                  text58       000000
__Htext59                                  text59       000000
__Htext6                                   text6        000000
__Htext60                                  text60       000000
__Htext61                                  text61       000000
__Htext62                                  text62       000000
__Htext63                                  text63       000000
__Htext64                                  text64       000000
__Htext65                                  text65       000000
__Htext66                                  text66       000000
__Htext67                                  text67       000000
__Htext68                                  text68       000000
__Htext69                                  text69       000000
__Htext7                                   text7        000000
__Htext70                                  text70       000000
__Htext71                                  text71       000000
__Htext72                                  text72       000000
__Htext73                                  text73       000000
__Htext74                                  text74       000000
__Htext75                                  text75       000000
__Htext76                                  text76       000000
__Htext77                                  text77       000000
__Htext78                                  text78       000000
__Htext79                                  text79       000000
__Htext8                                   text8        000000
__Htext80                                  text80       000000
__Htext81                                  text81       000000
__Htext82                                  text82       000000
__Htext83                                  text83       000000
__Htext84                                  text84       000000
__Htext85                                  text85       000000
__Htext86                                  text86       000000
__Htext87                                  text87       000000
__Htext88                                  text88       000000
__Htext89                                  text89       000000
__Htext9                                   text9        000000
__Htext90                                  text90       000000
__Htext92                                  text92       000000
__Htext93                                  text93       000000
__Htext94                                  text94       000000
__Htext95                                  text95       000000
__Htext96                                  text96       000000
__Htext97                                  text97       000000
__Htext98                                  text98       000000
__Htext99                                  text99       000000
__LRAM                                     (abs)        000001
__Labs1                                    abs1         000000
__Lbank0                                   bank0        000000
__Lbank1                                   bank1        000000
__Lbank10                                  bank10       000000
__Lbank11                                  bank11       000000
__Lbank12                                  bank12       000000
__Lbank13                                  bank13       000000
__Lbank14                                  bank14       000000
__Lbank15                                  bank15       000000
__Lbank2                                   bank2        000000
__Lbank3                                   bank3        000000
__Lbank4                                   bank4        000000
__Lbank5                                   bank5        000000
__Lbank6                                   bank6        000000
__Lbank7                                   bank7        000000
__Lbank8                                   bank8        000000
__Lbank9                                   bank9        000000
__Lbigbss                                  bigbss       000000
__Lbigdata                                 bigdata      000000
__Lbigram                                  bigram       000000
__Lbss                                     bss          000000
__LbssBANK0                                bssBANK0     000000
__LbssCOMRAM                               bssCOMRAM    000000
__Lcinit                                   cinit        000000
__Lclrtext                                 clrtext      000000
__Lcomram                                  comram       000000
__Lconfig                                  config       300000
__Lconst                                   const        000000
__LcstackBANK0                             cstackBANK0  000000
__LcstackBANK1                             cstackBANK1  000000
__LcstackCOMRAM                            cstackCOMRAM 000000
__Ldata                                    data         000000
__LdataBANK0                               dataBANK0    000000
__LdataBANK1                               dataBANK1    000000
__LdataCOMRAM                              dataCOMRAM   000000
__Leeprom_data                             eeprom_data  000000
__Lend_init                                end_init     000018
__Lfarbss                                  farbss       000000
__Lfardata                                 fardata      000000
__Libigdata                                ibigdata     000000
__Lidata                                   idata        000000
__LidataBANK0                              idataBANK0   000000
__LidataBANK1                              idataBANK1   000000
__LidataCOMRAM                             idataCOMRAM  000000
__Lidloc                                   idloc        200000
__Lifardata                                ifardata     000000
__Linit                                    init         000018
__Lintcode                                 intcode      000008
__Lintcode_body                            intcode_body 000000
__Lintcodelo                               intcodelo    000018
__Lintentry                                intentry     000000
__Lintret                                  intret       000000
__Lintsave_regs                            intsave_regs 000000
__Lirdata                                  irdata       000000
__Lmediumconst                             mediumconst  00FCB8
__LnvFARRAM                                nvFARRAM     000000
__Lnvbit                                   nvbit        000000
__Lnvrram                                  nvrram       000000
__Lparam                                   rparam       000000
__Lpowerup                                 powerup      000018
__Lram                                     ram          000000
__Lramtop                                  ramtop       001000
__Lrbit                                    rbit         000000
__Lrbss                                    rbss         000000
__Lrdata                                   rdata        000000
__Lreset_vec                               reset_vec    000000
__Lrparam                                  rparam       000000
__Lsfr                                     sfr          000000
__Lsmallconst                              smallconst   000000
__Lspace_0                                 (abs)        000000
__Lspace_1                                 (abs)        000000
__Lspace_2                                 (abs)        000000
__Lstack                                   stack        000000
__Lstruct                                  struct       000000
__Ltemp                                    temp         000000
__Ltext                                    text         000000
__Ltext0                                   text0        000000
__Ltext1                                   text1        000000
__Ltext10                                  text10       000000
__Ltext100                                 text100      000000
__Ltext101                                 text101      000000
__Ltext102                                 text102      000000
__Ltext103                                 text103      000000
__Ltext104                                 text104      000000
__Ltext105                                 text105      000000
__Ltext106                                 text106      000000
__Ltext11                                  text11       000000
__Ltext12                                  text12       000000
__Ltext13                                  text13       000000
__Ltext14                                  text14       000000
__Ltext15                                  text15       000000
__Ltext16                                  text16       000000
__Ltext17                                  text17       000000
__Ltext18                                  text18       000000
__Ltext19                                  text19       000000
__Ltext2                                   text2        000000
__Ltext20                                  text20       000000
__Ltext21                                  text21       000000
__Ltext22                                  text22       000000
__Ltext23                                  text23       000000
__Ltext24                                  text24       000000
__Ltext25                                  text25       000000
__Ltext26                                  text26       000000
__Ltext27                                  text27       000000
__Ltext28                                  text28       000000
__Ltext29                                  text29       000000
__Ltext3                                   text3        000000
__Ltext30                                  text30       000000
__Ltext31                                  text31       000000
__Ltext32                                  text32       000000
__Ltext33                                  text33       000000
__Ltext34                                  text34       000000
__Ltext35                                  text35       000000
__Ltext36                                  text36       000000
__Ltext37                                  text37       000000
__Ltext38                                  text38       000000
__Ltext39                                  text39       000000
__Ltext4                                   text4        000000
__Ltext40                                  text40       000000
__Ltext41                                  text41       000000
__Ltext42                                  text42       000000
__Ltext43                                  text43       000000
__Ltext44                                  text44       000000
__Ltext45                                  text45       000000
__Ltext46                                  text46       000000
__Ltext47                                  text47       000000
__Ltext48                                  text48       000000
__Ltext49                                  text49       000000
__Ltext5                                   text5        000000
__Ltext50                                  text50       000000
__Ltext51                                  text51       000000
__Ltext52                                  text52       000000
__Ltext53                                  text53       000000
__Ltext54                                  text54       000000
__Ltext55                                  text55       000000
__Ltext56                                  text56       000000
__Ltext57                                  text57       000000
__Ltext58                                  text58       000000
__Ltext59                                  text59       000000
__Ltext6                                   text6        000000
__Ltext60                                  text60       000000
__Ltext61                                  text61       000000
__Ltext62                                  text62       000000
__Ltext63                                  text63       000000
__Ltext64                                  text64       000000
__Ltext65                                  text65       000000
__Ltext66                                  text66       000000
__Ltext67                                  text67       000000
__Ltext68                                  text68       000000
__Ltext69                                  text69       000000
__Ltext7                                   text7        000000
__Ltext70                                  text70       000000
__Ltext71                                  text71       000000
__Ltext72                                  text72       000000
__Ltext73                                  text73       000000
__Ltext74                                  text74       000000
__Ltext75                                  text75       000000
__Ltext76                                  text76       000000
__Ltext77                                  text77       000000
__Ltext78                                  text78       000000
__Ltext79                                  text79       000000
__Ltext8                                   text8        000000
__Ltext80                                  text80       000000
__Ltext81                                  text81       000000
__Ltext82                                  text82       000000
__Ltext83                                  text83       000000
__Ltext84                                  text84       000000
__Ltext85                                  text85       000000
__Ltext86                                  text86       000000
__Ltext87                                  text87       000000
__Ltext88                                  text88       000000
__Ltext89                                  text89       000000
__Ltext9                                   text9        000000
__Ltext90                                  text90       000000
__Ltext92                                  text92       000000
__Ltext93                                  text93       000000
__Ltext94                                  text94       000000
__Ltext95                                  text95       000000
__Ltext96                                  text96       000000
__Ltext97                                  text97       000000
__Ltext98                                  text98       000000
__Ltext99                                  text99       000000
__S0                                       (abs)        30000E
__S1                                       (abs)        00014B
__S2                                       (abs)        000000
___awdiv                                   text46       003B24
___awdiv@counter                           cstackCOMRAM 000026
___awdiv@dividend                          cstackCOMRAM 000022
___awdiv@divisor                           cstackCOMRAM 000024
___awdiv@quotient                          cstackCOMRAM 000028
___awdiv@sign                              cstackCOMRAM 000027
___awmod                                   text45       003F90
___awmod@counter                           cstackCOMRAM 000020
___awmod@dividend                          cstackCOMRAM 00001C
___awmod@divisor                           cstackCOMRAM 00001E
___awmod@sign                              cstackCOMRAM 000021
___ftadd                                   text13       001CF4
___ftadd@exp1                              cstackBANK0  0000BD
___ftadd@exp2                              cstackBANK0  0000BC
___ftadd@f1                                cstackBANK0  0000B2
___ftadd@f2                                cstackBANK0  0000B5
___ftadd@sign                              cstackBANK0  0000BB
___ftdiv                                   text25       0034E0
___ftdiv@cntr                              cstackBANK0  0000B2
___ftdiv@exp                               cstackBANK0  0000B6
___ftdiv@f1                                cstackCOMRAM 00003F
___ftdiv@f2                                cstackCOMRAM 000042
___ftdiv@f3                                cstackBANK0  0000B3
___ftdiv@sign                              cstackBANK0  0000B7
___ftge                                    text68       003BBA
___ftge@ff1                                cstackCOMRAM 000028
___ftge@ff2                                cstackCOMRAM 00002B
___ftmul                                   text24       0035E0
___ftmul@cntr                              cstackCOMRAM 00003D
___ftmul@exp                               cstackCOMRAM 000039
___ftmul@f1                                cstackCOMRAM 000030
___ftmul@f2                                cstackCOMRAM 000033
___ftmul@f3_as_product                     cstackCOMRAM 00003A
___ftmul@sign                              cstackCOMRAM 00003E
___ftneg                                   text14       004A6E
___ftneg@f1                                cstackCOMRAM 00001C
___ftpack                                  text67       003A5E
___ftpack@arg                              cstackCOMRAM 00001C
___ftpack@exp                              cstackCOMRAM 00001F
___ftpack@sign                             cstackCOMRAM 000020
___ftsub                                   text12       004462
___ftsub@f1                                cstackBANK0  0000BE
___ftsub@f2                                cstackBANK0  0000C1
___fttol                                   text11       002D32
___fttol@exp1                              cstackBANK0  0000C0
___fttol@f1                                cstackBANK0  0000B2
___fttol@lval                              cstackBANK0  0000BC
___fttol@sign1                             cstackBANK0  0000BB
___inthi_sp                                stack        000000
___intlo_sp                                stack        000000
___lbtoft                                  text66       004A48
___lbtoft@c                                cstackCOMRAM 000027
___lldiv                                   text10       003CE0
___lldiv@counter                           cstackCOMRAM 000028
___lldiv@dividend                          cstackCOMRAM 00001C
___lldiv@divisor                           cstackCOMRAM 000020
___lldiv@quotient                          cstackCOMRAM 000024
___llmod                                   text9        0040FC
___llmod@counter                           cstackCOMRAM 000031
___llmod@dividend                          cstackCOMRAM 000029
___llmod@divisor                           cstackCOMRAM 00002D
___lltoft                                  text8        0042AE
___lltoft@c                                cstackCOMRAM 000024
___lltoft@exp                              cstackCOMRAM 00002C
___lwtoft                                  text23       0049D6
___lwtoft@c                                cstackCOMRAM 000024
___param_bank                              (abs)        000010
___rparam_used                             (abs)        000001
___sp                                      stack        000000
___wmul                                    text79       004986
___wmul@multiplicand                       cstackCOMRAM 00002C
___wmul@multiplier                         cstackCOMRAM 00002A
___wmul@product                            cstackCOMRAM 00002E
__accesstop                                (abs)        000080
__activetblptr                             (abs)        000002
__div_to_l_                                text7        0033D6
__div_to_l_@cntr                           cstackCOMRAM 000026
__div_to_l_@exp1                           cstackCOMRAM 000027
__div_to_l_@f1                             cstackCOMRAM 00001C
__div_to_l_@f2                             cstackCOMRAM 00001F
__div_to_l_@quot                           cstackCOMRAM 000022
__end_of_DS3231_Init                       text73       00454C
__end_of_DS3231_Read_Alarm_1_Time          text77       0045E0
__end_of_DS3231_Read_Temp                  text32       003E80
__end_of_DS3231_Read_Time                  text63       004088
__end_of_DS3231_Turn_Off_Alarm             text72       0047CA
__end_of_DS3231_Turn_On_Alarm              text71       004834
__end_of_DS3231_Write_Alarm_1_Time         text76       004794
__end_of_DS3231_Write_Time                 text36       004366
__end_of_Do_LED_Down                       text69       004AB6
__end_of_Do_LED_Out                        text65       00475A
__end_of_Do_LED_Up                         text64       004A48
__end_of_Do_Setup_Alarm_Time               text40       0023F0
__end_of_Do_Setup_Heater_Temp              text37       0033D6
__end_of_Do_Setup_Time                     text33       001A54
__end_of_Do_Update_Main_Screen             text31       0013F6
__end_of_Get_Full_ADC                      text27       004A22
__end_of_I2C_Init                          text30       004C6A
__end_of_I2C_ReStart                       text86       004B5C
__end_of_I2C_Read                          text83       004628
__end_of_I2C_Start                         text82       004BCC
__end_of_I2C_Stop                          text81       004BBA
__end_of_I2C_Write                         text80       0046E2
__end_of_I2C_Write_Address_Read_One_Byte   text75       0048CA
__end_of_I2C_Write_Address_Write_One_Byte  text74       004AF8
__end_of_INT0_isr                          text95       004B2E
__end_of_INT1_isr                          text94       004B46
__end_of_INT2_isr                          text93       002BDC
__end_of_Initialize_Main_Screen            text48       00173E
__end_of_Initialize_Setup_Alarm_Screen     text47       0038B4
__end_of_Initialize_Setup_Heater_Screen    text39       002A6E
__end_of_Initialize_Setup_Time_Screen      text35       002F90
__end_of_LCD_Reset                         text29       004BA8
__end_of_LED_Alarm                         text28       003DF6
__end_of_OpenUSART                         text16       0041DC
__end_of_Rcmd1                             text21       0032C8
__end_of_Rcmd2red                          text20       004666
__end_of_Rcmd3                             text19       0037CA
__end_of_Read_Volt_In                      text22       004246
__end_of_SPI_out                           text70       003F90
__end_of_Select_ADC                        text26       004C3C
__end_of_TFT_GreenTab_Initialize           text18       004986
__end_of_TIMER1_isr                        text92       004C54
__end_of_Update_Setup_Alarm_Screen         text44       003A5E
__end_of_Update_Setup_Heater_Screen        text38       0042AE
__end_of_Update_Setup_Screen_Cursor        text43       0025AA
__end_of_Update_Setup_Time_Screen          text34       0028F4
__end_of___awdiv                           text46       003BBA
__end_of___awmod                           text45       004012
__end_of___ftadd                           text13       001F72
__end_of___ftdiv                           text25       0035E0
__end_of___ftge                            text68       003C50
__end_of___ftmul                           text24       0036D8
__end_of___ftneg                           text14       004A92
__end_of___ftpack                          text67       003B24
__end_of___ftsub                           text12       0044B2
__end_of___fttol                           text11       002E64
__end_of___lbtoft                          text66       004A6E
__end_of___lldiv                           text10       003D6C
__end_of___llmod                           text9        00416C
__end_of___lltoft                          text8        00430E
__end_of___lwtoft                          text23       0049FC
__end_of___wmul                            text79       0049AE
__end_of__div_to_l_                        text7        0034E0
__end_of__initialization                   cinit        0040F2
__end_of__npowers_                         mediumconst  00FEE3
__end_of__powers_                          mediumconst  00FF0A
__end_of__tdiv_to_l_                       text6        0031B8
__end_of_bcd_2_dec                         text42       00492C
__end_of_chkisr                            intcode_body 003CE0
__end_of_dec_2_bcd                         text41       0043BE
__end_of_delay_ms                          text78       004410
__end_of_dpowers                           mediumconst  00FEBC
__end_of_drawChar                          text54       002D32
__end_of_drawCircle                        text57       002758
__end_of_drawFastVLine                     text56       003F08
__end_of_drawPixel                         text58       00495C
__end_of_drawtext                          text52       0030A8
__end_of_fillRect                          text55       004596
__end_of_fillRectangle                     text51       003990
__end_of_fillScreen                        text50       004B14
__end_of_font                              mediumconst  00FDB8
__end_of_font2                             mediumconst  00FE94
__end_of_fround                            text5        0021B6
__end_of_gen_2khz_sound                    text17       004B96
__end_of_hexpowers                         mediumconst  00FF2A
__end_of_i2cAck                            text85       004BDE
__end_of_i2cHighScl                        text90       004C48
__end_of_i2cHighSda                        text89       004C98
__end_of_i2cLowScl                         text88       004C90
__end_of_i2cLowSda                         text87       004C7E
__end_of_i2cNack                           text84       004C74
__end_of_init_UART                         text15       004B70
__end_of_isdigit                           text4        004AD8
__end_of_main                              text0        001CF4
__end_of_printf                            text1        000C68
__end_of_putch                             text3        004C30
__end_of_scale                             text2        001048
__end_of_setAddrWindow                     text59       004500
__end_of_spiwrite                          text62       004B84
__end_of_strcpy                            text49       004898
__end_of_strlen                            text53       0046A4
__end_of_turn_off_sound                    text106      004CB0
__end_of_write_command                     text61       004C22
__end_of_write_data                        text60       004C12
__end_ofi2_DS3231_Turn_Off_Alarm           text96       004800
__end_ofi2_I2C_Start                       text101      004C02
__end_ofi2_I2C_Stop                        text100      004BF0
__end_ofi2_I2C_Write                       text99       004720
__end_ofi2___wmul                          text98       0049D6
__end_ofi2_delay_ms                        text97       004462
__end_ofi2_i2cHighScl                      text105      004C60
__end_ofi2_i2cHighSda                      text104      004CA8
__end_ofi2_i2cLowScl                       text103      004CA0
__end_ofi2_i2cLowSda                       text102      004C88
__initialization                           cinit        004088
__mediumconst                              mediumconst  00FCB8
__npowers_                                 mediumconst  00FEBC
__pbssBANK0                                bssBANK0     0000DB
__pbssCOMRAM                               bssCOMRAM    000049
__pcinit                                   cinit        004088
__pcstackBANK0                             cstackBANK0  0000B2
__pcstackBANK1                             cstackBANK1  000131
__pcstackCOMRAM                            cstackCOMRAM 000001
__pdataBANK0                               dataBANK0    000080
__pdataBANK1                               dataBANK1    000100
__pdataCOMRAM                              dataCOMRAM   000064
__pidataBANK0                              idataBANK0   004834
__pidataBANK1                              idataBANK1   0048CA
__pidataCOMRAM                             idataCOMRAM  004CB0
__pintcode                                 intcode      000008
__pintcode_body                            intcode_body 003C50
__pmediumconst                             mediumconst  00FCB8
__powers_                                  mediumconst  00FEE3
__ptext0                                   text0        001A54
__ptext1                                   text1        00001C
__ptext10                                  text10       003CE0
__ptext100                                 text100      004BDE
__ptext101                                 text101      004BF0
__ptext102                                 text102      004C7E
__ptext103                                 text103      004C98
__ptext104                                 text104      004CA0
__ptext105                                 text105      004C54
__ptext106                                 text106      004CA8
__ptext11                                  text11       002D32
__ptext12                                  text12       004462
__ptext13                                  text13       001CF4
__ptext14                                  text14       004A6E
__ptext15                                  text15       004B5C
__ptext16                                  text16       00416C
__ptext17                                  text17       004B84
__ptext18                                  text18       00495C
__ptext19                                  text19       0036D8
__ptext2                                   text2        000C68
__ptext20                                  text20       004628
__ptext21                                  text21       0031B8
__ptext22                                  text22       0041DC
__ptext23                                  text23       0049D6
__ptext24                                  text24       0035E0
__ptext25                                  text25       0034E0
__ptext26                                  text26       004C30
__ptext27                                  text27       0049FC
__ptext28                                  text28       003D6C
__ptext29                                  text29       004B96
__ptext3                                   text3        004C22
__ptext30                                  text30       004C60
__ptext31                                  text31       001048
__ptext32                                  text32       003DF6
__ptext33                                  text33       00173E
__ptext34                                  text34       002758
__ptext35                                  text35       002E64
__ptext36                                  text36       00430E
__ptext37                                  text37       0032C8
__ptext38                                  text38       004246
__ptext39                                  text39       0028F4
__ptext4                                   text4        004AB6
__ptext40                                  text40       0021B6
__ptext41                                  text41       004366
__ptext42                                  text42       0048FC
__ptext43                                  text43       0023F0
__ptext44                                  text44       003990
__ptext45                                  text45       003F90
__ptext46                                  text46       003B24
__ptext47                                  text47       0037CA
__ptext48                                  text48       0013F6
__ptext49                                  text49       004866
__ptext5                                   text5        001F72
__ptext50                                  text50       004AF8
[...]
		None               void
 Registers used:
		wreg, status,2, status,0, cstack
 Tracked objects:
		On entry : 
		On exit  : 
		Unchanged: 
 Data sizes:     COMRAM   BANK0   BANK1   BANK2   BANK3   BANK4   BANK5   BANK6   BANK7   BANK8   BANK9  BANK10  BANK11  BANK12  BANK13  BANK14  BANK15
      Params:         0       0       0       0       0       0       0       0       0       0       0       0       0       0       0       0       0
      Locals:         2       0       0       0       0       0       0       0       0       0       0       0       0       0       0       0       0
      Temps:          0       0       0       0       0       0       0       0       0       0       0       0       0       0       0       0       0
      Totals:         2       0       0       0       0       0       0       0       0       0       0       0       0       0       0       0       0
Total ram usage:        2 bytes
 Hardware stack levels used:    1
 Hardware stack levels required when called:    1
 This function calls:
		i2_i2cHighScl
		i2_i2cHighSda
		i2_i2cLowScl
		i2_i2cLowSda
 This function is called by:
		i2_DS3231_Turn_Off_Alarm
 This function uses a non-reentrant model


 *************** function i2_I2C_Stop *****************
 Defined at:
		line 93 in file "softi2c.inc"
 Parameters:    Size  Location     Type
		None
 Auto vars:     Size  Location     Type
		None
 Return value:  Size  Location     Type
		None               void
 Registers used:
		wreg, cstack
 Tracked objects:
		On entry : 
		On exit  : 
		Unchanged: 
 Data sizes:     COMRAM   BANK0   BANK1   BANK2   BANK3   BANK4   BANK5   BANK6   BANK7   BANK8   BANK9  BANK10  BANK11  BANK12  BANK13  BANK14  BANK15
      Params:         0       0       0       0       0       0       0       0       0       0       0       0       0       0       0       0       0
      Locals:         0       0       0       0       0       0       0       0       0       0       0       0       0       0       0       0       0
      Temps:          0       0       0       0       0       0       0       0       0       0       0       0       0       0       0       0       0
      Totals:         0       0       0       0       0       0       0       0       0       0       0       0       0       0       0       0       0
Total ram usage:        0 bytes
 Hardware stack levels used:    1
 Hardware stack levels required when called:    1
 This function calls:
		i2_i2cHighScl
		i2_i2cHighSda
		i2_i2cLowScl
		i2_i2cLowSda
 This function is called by:
		i2_DS3231_Turn_Off_Alarm
 This function uses a non-reentrant model


 *************** function i2_I2C_Start *****************
 Defined at:
		line 76 in file "softi2c.inc"
 Parameters:    Size  Location     Type
		None
 Auto vars:     Size  Location     Type
		None
 Return value:  Size  Location     Type
		None               void
 Registers used:
		wreg, cstack
 Tracked objects:
		On entry : 
		On exit  : 
		Unchanged: 
 Data sizes:     COMRAM   BANK0   BANK1   BANK2   BANK3   BANK4   BANK5   BANK6   BANK7   BANK8   BANK9  BANK10  BANK11  BANK12  BANK13  BANK14  BANK15
      Params:         0       0       0       0       0       0       0       0       0       0       0       0       0       0       0       0       0
      Locals:         0       0       0       0       0       0       0       0       0       0       0       0       0       0       0       0       0
      Temps:          0       0       0       0       0       0       0       0       0       0       0       0       0       0       0       0       0
      Totals:         0       0       0       0       0       0       0       0       0       0       0       0       0       0       0       0       0
Total ram usage:        0 bytes
 Hardware stack levels used:    1
 Hardware stack levels required when called:    1
 This function calls:
		i2_i2cHighScl
		i2_i2cHighSda
		i2_i2cLowScl
		i2_i2cLowSda
 This function is called by:
		i2_DS3231_Turn_Off_Alarm
 This function uses a non-reentrant model


 *************** function i2_i2cLowSda *****************
 Defined at:
		line 107 in file "softi2c.inc"
 Parameters:    Size  Location     Type
		None
 Auto vars:     Size  Location     Type
		None
 Return value:  Size  Location     Type
		None               void
 Registers used:
		None
 Tracked objects:
		On entry : 
		On exit  : 
		Unchanged: 
 Data sizes:     COMRAM   BANK0   BANK1   BANK2   BANK3   BANK4   BANK5   BANK6   BANK7   BANK8   BANK9  BANK10  BANK11  BANK12  BANK13  BANK14  BANK15
      Params:         0       0       0       0       0       0       0       0       0       0       0       0       0       0       0       0       0
      Locals:         0       0       0       0       0       0       0       0       0       0       0       0       0       0       0       0       0
      Temps:          0       0       0       0       0       0       0       0       0       0       0       0       0       0       0       0       0
      Totals:         0       0       0       0       0       0       0       0       0       0       0       0       0       0       0       0       0
Total ram usage:        0 bytes
 Hardware stack levels used:    1
 This function calls:
		Nothing
 This function is called by:
		i2_I2C_Write
		i2_I2C_Start
		i2_I2C_Stop
 This function uses a non-reentrant model


 *************** function i2_i2cLowScl *****************
 Defined at:
		line 120 in file "softi2c.inc"
 Parameters:    Size  Location     Type
		None
 Auto vars:     Size  Location     Type
		None
 Return value:  Size  Location     Type
		None               void
 Registers used:
		None
 Tracked objects:
		On entry : 
		On exit  : 
		Unchanged: 
 Data sizes:     COMRAM   BANK0   BANK1   BANK2   BANK3   BANK4   BANK5   BANK6   BANK7   BANK8   BANK9  BANK10  BANK11  BANK12  BANK13  BANK14  BANK15
      Params:         0       0       0       0       0       0       0       0       0       0       0       0       0       0       0       0       0
      Locals:         0       0       0       0       0       0       0       0       0       0       0       0       0       0       0       0       0
      Temps:          0       0       0       0       0       0       0       0       0       0       0       0       0       0       0       0       0
      Totals:         0       0       0       0       0       0       0       0       0       0       0       0       0       0       0       0       0
Total ram usage:        0 bytes
 Hardware stack levels used:    1
 This function calls:
		Nothing
 This function is called by:
		i2_I2C_Write
		i2_I2C_Start
		i2_I2C_Stop
 This function uses a non-reentrant model


 *************** function i2_i2cHighSda *****************
 Defined at:
		line 101 in file "softi2c.inc"
 Parameters:    Size  Location     Type
		None
 Auto vars:     Size  Location     Type
		None
 Return value:  Size  Location     Type
		None               void
 Registers used:
		None
 Tracked objects:
		On entry : 
		On exit  : 
		Unchanged: 
 Data sizes:     COMRAM   BANK0   BANK1   BANK2   BANK3   BANK4   BANK5   BANK6   BANK7   BANK8   BANK9  BANK10  BANK11  BANK12  BANK13  BANK14  BANK15
      Params:         0       0       0       0       0       0       0       0       0       0       0       0       0       0       0       0       0
      Locals:         0       0       0       0       0       0       0       0       0       0       0       0       0       0       0       0       0
      Temps:          0       0       0       0       0       0       0       0       0       0       0       0       0       0       0       0       0
      Totals:         0       0       0       0       0       0       0       0       0       0       0       0       0       0       0       0       0
Total ram usage:        0 bytes
 Hardware stack levels used:    1
 This function calls:
		Nothing
 This function is called by:
		i2_I2C_Write
		i2_I2C_Start
		i2_I2C_Stop
 This function uses a non-reentrant model


 *************** function i2_i2cHighScl *****************
 Defined at:
		line 114 in file "softi2c.inc"
 Parameters:    Size  Location     Type
		None
 Auto vars:     Size  Location     Type
		None
 Return value:  Size  Location     Type
		None               void
 Registers used:
		wreg
 Tracked objects:
		On entry : 
		On exit  : 
		Unchanged: 
 Data sizes:     COMRAM   BANK0   BANK1   BANK2   BANK3   BANK4   BANK5   BANK6   BANK7   BANK8   BANK9  BANK10  BANK11  BANK12  BANK13  BANK14  BANK15
      Params:         0       0       0       0       0       0       0       0       0       0       0       0       0       0       0       0       0
      Locals:         0       0       0       0       0       0       0       0       0       0       0       0       0       0       0       0       0
      Temps:          0       0       0       0       0       0       0       0       0       0       0       0       0       0       0       0       0
      Totals:         0       0       0       0       0       0       0       0       0       0       0       0       0       0       0       0       0
Total ram usage:        0 bytes
 Hardware stack levels used:    1
 This function calls:
		Nothing
 This function is called by:
		i2_I2C_Write
		i2_I2C_Start
		i2_I2C_Stop
 This function uses a non-reentrant model


 *************** function _turn_off_sound *****************
 Defined at:
		line 2393 in file "lab_final_alt.c"
 Parameters:    Size  Location     Type
		None
 Auto vars:     Size  Location     Type
		None
 Return value:  Size  Location     Type
		None               void
 Registers used:
		wreg, status,2
 Tracked objects:
		On entry : 
		On exit  : 
		Unchanged: 
 Data sizes:     COMRAM   BANK0   BANK1   BANK2   BANK3   BANK4   BANK5   BANK6   BANK7   BANK8   BANK9  BANK10  BANK11  BANK12  BANK13  BANK14  BANK15
      Params:         0       0       0       0       0       0       0       0       0       0       0       0       0       0       0       0       0
      Locals:         0       0       0       0       0       0       0       0       0       0       0       0       0       0       0       0       0
      Temps:          0       0       0       0       0       0       0       0       0       0       0       0       0       0       0       0       0
      Totals:         0       0       0       0       0       0       0       0       0       0       0       0       0       0       0       0       0
Total ram usage:        0 bytes
 Hardware stack levels used:    1
 This function calls:
		Nothing
 This function is called by:
		_INT0_isr
 This function uses a non-reentrant model



MODULE INFORMATION

Module		Function		Class		Link	Load	Size
C:\Program Files (x86)\Microchip\xc8\v1.34\sources\common\ftge.c
		___ftge        		CODE           	3BBA	0000	151

C:\Program Files (x86)\Microchip\xc8\v1.34\sources\common\ftge.c estimated size: 151

C:\Program Files (x86)\Microchip\xc8\v1.34\sources\common\ftdivl.c
		__tdiv_to_l_   		CODE           	30A8	0000	273

C:\Program Files (x86)\Microchip\xc8\v1.34\sources\common\ftdivl.c estimated size: 273

C:\Program Files (x86)\Microchip\xc8\v1.34\sources\common\ftneg.c
		___ftneg       		CODE           	4A6E	0000	37

C:\Program Files (x86)\Microchip\xc8\v1.34\sources\common\ftneg.c estimated size: 37

C:\Program Files (x86)\Microchip\xc8\v1.34\sources\common\fldivl.c
		__div_to_l_    		CODE           	33D6	0000	267

C:\Program Files (x86)\Microchip\xc8\v1.34\sources\common\fldivl.c estimated size: 267

C:\Program Files (x86)\Microchip\xc8\v1.34\sources\common\ftsub.c
		___ftsub       		CODE           	4462	0000	81

C:\Program Files (x86)\Microchip\xc8\v1.34\sources\common\ftsub.c estimated size: 81

C:\Program Files (x86)\Microchip\xc8\v1.34\sources\common\float.c
		___ftpack      		CODE           	3A5E	0000	199

C:\Program Files (x86)\Microchip\xc8\v1.34\sources\common\float.c estimated size: 199

C:\Program Files (x86)\Microchip\xc8\v1.34\sources\pic18\plib\USART\uopen.c
		_OpenUSART     		CODE           	416C	0000	113

C:\Program Files (x86)\Microchip\xc8\v1.34\sources\pic18\plib\USART\uopen.c estimated size: 113

C:\Program Files (x86)\Microchip\xc8\v1.34\sources\common\awmod.c
		___awmod       		CODE           	3F90	0000	131

C:\Program Files (x86)\Microchip\xc8\v1.34\sources\common\awmod.c estimated size: 131

C:\Program Files (x86)\Microchip\xc8\v1.34\sources\common\llmod.c
		___llmod       		CODE           	40FC	0000	113

C:\Program Files (x86)\Microchip\xc8\v1.34\sources\common\llmod.c estimated size: 113

C:\Program Files (x86)\Microchip\xc8\v1.34\sources\common\lbtoft.c
		___lbtoft      		CODE           	4A48	0000	39

C:\Program Files (x86)\Microchip\xc8\v1.34\sources\common\lbtoft.c estimated size: 39

softi2c.inc
		_I2C_Write_Addr		CODE           	4898	0000	51
		_i2cLowSda     		CODE           	4C74	0000	11
		_i2cLowScl     		CODE           	4C88	0000	9
		_I2C_Write     		CODE           	46A4	0000	63
		_I2C_Stop      		CODE           	4BA8	0000	19
		_I2C_Read      		CODE           	45E0	0000	73
		_i2cNack       		CODE           	4C6A	0000	11
		_I2C_Init      		CODE           	4C60	0000	11
		_i2cHighSda    		CODE           	4C90	0000	9
		_i2cHighScl    		CODE           	4C3C	0000	13
		_I2C_Start     		CODE           	4BBA	0000	19
		_i2cAck        		CODE           	4BCC	0000	19
		_I2C_Write_Addr		CODE           	4AD8	0000	33
		_I2C_ReStart   		CODE           	4B46	0000	23

softi2c.inc estimated size: 364

C:\Program Files (x86)\Microchip\xc8\v1.34\sources\common\ftmul.c
		___ftmul       		CODE           	35E0	0000	249

C:\Program Files (x86)\Microchip\xc8\v1.34\sources\common\ftmul.c estimated size: 249

C:\Program Files (x86)\Microchip\xc8\v1.34\sources\common\isdigit.c
		_isdigit       		CODE           	4AB6	0000	35

C:\Program Files (x86)\Microchip\xc8\v1.34\sources\common\isdigit.c estimated size: 35

C:\Program Files (x86)\Microchip\xc8\v1.34\sources\common\lwtoft.c
		___lwtoft      		CODE           	49D6	0000	39

C:\Program Files (x86)\Microchip\xc8\v1.34\sources\common\lwtoft.c estimated size: 39

C:\Program Files (x86)\Microchip\xc8\v1.34\sources\common\strlen.c
		_strlen        		CODE           	4666	0000	63

C:\Program Files (x86)\Microchip\xc8\v1.34\sources\common\strlen.c estimated size: 63

C:\Program Files (x86)\Microchip\xc8\v1.34\sources\common\ftdiv.c
		___ftdiv       		CODE           	34E0	0000	257

C:\Program Files (x86)\Microchip\xc8\v1.34\sources\common\ftdiv.c estimated size: 257

C:\Program Files (x86)\Microchip\xc8\v1.34\sources\common\lltoft.c
		___lltoft      		CODE           	42AE	0000	97

C:\Program Files (x86)\Microchip\xc8\v1.34\sources\common\lltoft.c estimated size: 97

shared
		i2_i2cLowSda   		CODE           	4C7E	0000	11
		i2_i2cLowScl   		CODE           	4C98	0000	9
		__powers_      		MEDIUMCONST    	FEE3	0000	40
		i2_I2C_Write   		CODE           	46E2	0000	63
		_font          		MEDIUMCONST    	FCB9	0000	256
		_dpowers       		MEDIUMCONST    	FE94	0000	41
		i2___wmul      		CODE           	49AE	0000	41
		i2_I2C_Stop    		CODE           	4BDE	0000	19
		__npowers_     		MEDIUMCONST    	FEBC	0000	40
		i2_I2C_Start   		CODE           	4BF0	0000	19
		__initializatio		CODE           	4088	0000	107
		i2_i2cHighSda  		CODE           	4CA0	0000	9
		i2_i2cHighScl  		CODE           	4C54	0000	13
		_hexpowers     		MEDIUMCONST    	FF0A	0000	33
		_font2         		MEDIUMCONST    	FDB8	0000	221
		i2_delay_ms    		CODE           	4410	0000	83
		i2_DS3231_Turn_		CODE           	47CA	0000	55

shared estimated size: 1060

C:\Program Files (x86)\Microchip\xc8\v1.34\sources\common\strcpy.c
		_strcpy        		CODE           	4866	0000	51

C:\Program Files (x86)\Microchip\xc8\v1.34\sources\common\strcpy.c estimated size: 51

C:\Program Files (x86)\Microchip\xc8\v1.34\sources\common\awdiv.c
		___awdiv       		CODE           	3B24	0000	151

C:\Program Files (x86)\Microchip\xc8\v1.34\sources\common\awdiv.c estimated size: 151

ST7735_TFT.inc
		_drawChar      		CODE           	2BDC	0000	343
		_drawCircle    		CODE           	25AA	0000	431
		_fillScreen    		CODE           	4AF8	0000	29
		_Rcmd3         		CODE           	36D8	0000	243
		_write_data    		CODE           	4C02	0000	17
		_setAddrWindow 		CODE           	44B2	0000	79
		_drawtext      		CODE           	2F90	0000	281
		_fillRect      		CODE           	454C	0000	75
		_LCD_Reset     		CODE           	4B96	0000	19
		_drawPixel     		CODE           	492C	0000	49
		_fillRectangle 		CODE           	38B4	0000	221
		_write_command 		CODE           	4C12	0000	17
		_drawFastVLine 		CODE           	3E80	0000	137
		_Rcmd2red      		CODE           	4628	0000	63
		_TFT_GreenTab_I		CODE           	495C	0000	43
		_Rcmd1         		CODE           	31B8	0000	273
		_spiwrite      		CODE           	4B70	0000	21

ST7735_TFT.inc estimated size: 2341

C:\Program Files (x86)\Microchip\xc8\v1.34\sources\common\lldiv.c
		___lldiv       		CODE           	3CE0	0000	141

C:\Program Files (x86)\Microchip\xc8\v1.34\sources\common\lldiv.c estimated size: 141

C:\Program Files (x86)\Microchip\xc8\v1.34\sources\common\doprnt.c
		_scale         		CODE           	0C68	0000	993
		_printf        		CODE           	001C	0000	3149
		_fround        		CODE           	1F72	0000	581

C:\Program Files (x86)\Microchip\xc8\v1.34\sources\common\doprnt.c estimated size: 4723

C:\Program Files (x86)\Microchip\xc8\v1.34\sources\common\fttol.c
		___fttol       		CODE           	2D32	0000	307

C:\Program Files (x86)\Microchip\xc8\v1.34\sources\common\fttol.c estimated size: 307

lab_final_alt.c
		_INT2_isr      		CODE           	2A6E	0000	367
		_DS3231_Init   		CODE           	4500	0000	77
		_TIMER1_isr    		CODE           	4C48	0000	13
		_SPI_out       		CODE           	3F08	0000	137
		_DS3231_Read_Ti		CODE           	4012	0000	119
		_turn_off_sound		CODE           	4CA8	0000	9
		_putch         		CODE           	4C22	0000	15
		_DS3231_Read_Te		CODE           	3DF6	0000	139
		_DS3231_Read_Al		CODE           	4596	0000	75
		_Read_Volt_In  		CODE           	41DC	0000	107
		_Update_Setup_T		CODE           	2758	0000	413
		_DS3231_Write_T		CODE           	430E	0000	89
		_Initialize_Set		CODE           	28F4	0000	379
		_main          		CODE           	1A54	0000	673
		_Do_Setup_Time 		CODE           	173E	0000	791
		_Initialize_Mai		CODE           	13F6	0000	841
		_init_UART     		CODE           	4B5C	0000	21
		_Update_Setup_H		CODE           	4246	0000	105
		_Do_Update_Main		CODE           	1048	0000	943
		_Do_LED_Up     		CODE           	4A22	0000	39
		_Do_LED_Out    		CODE           	4720	0000	59
		_DS3231_Write_A		CODE           	475A	0000	59
		_dec_2_bcd     		CODE           	4366	0000	89
		_DS3231_Turn_On		CODE           	4800	0000	53
		_Do_LED_Down   		CODE           	4A92	0000	37
		_gen_2khz_sound		CODE           	4B84	0000	19
		_LED_Alarm     		CODE           	3D6C	0000	139
		_Initialize_Set		CODE           	2E64	0000	301
		_Update_Setup_S		CODE           	23F0	0000	443
		_Initialize_Set		CODE           	37CA	0000	235
		_Update_Setup_A		CODE           	3990	0000	207
		_Do_Setup_Heate		CODE           	32C8	0000	271
		_Select_ADC    		CODE           	4C30	0000	13
		_delay_ms      		CODE           	43BE	0000	83
		_Get_Full_ADC  		CODE           	49FC	0000	39
		_bcd_2_dec     		CODE           	48FC	0000	49
		_DS3231_Turn_Of		CODE           	4794	0000	55
		_INT0_isr      		CODE           	4B14	0000	27
		_INT1_isr      		CODE           	4B2E	0000	25
		_Do_Setup_Alarm		CODE           	21B6	0000	571
		_chkisr        		CODE           	0008	0000	161

lab_final_alt.c estimated size: 8287

C:\Program Files (x86)\Microchip\xc8\v1.34\sources\common\Umul16.c
		___wmul        		CODE           	4986	0000	41

C:\Program Files (x86)\Microchip\xc8\v1.34\sources\common\Umul16.c estimated size: 41

C:\Program Files (x86)\Microchip\xc8\v1.34\sources\common\ftadd.c
		___ftadd       		CODE           	1CF4	0000	639

C:\Program Files (x86)\Microchip\xc8\v1.34\sources\common\ftadd.c estimated size: 639

